// Jest Snapshot v1, https://goo.gl/fbAQLP

exports[`Content from BtcAmount matches snapshot 1`] = `
<div>
  <div
    class="loading_errors"
  >
    <h3
      class="mdc-typography mdc-typography--headline3"
    >
      We are sorry, something went wrong
    </h3>
    <h3
      class="mdc-typography mdc-typography--headline3"
    >
      We are working to fix it
    </h3>
  </div>
</div>
`;
